// Vitest Snapshot v1, https://vitest.dev/guide/snapshot.html

exports[`select coloring react info from left 1`] = `
[
  {
    "width": 0.38000000000010914,
    "x": 0,
    "y": 33.71559633027523,
  },
  {
    "width": 0.5,
    "x": 0.8933333333329756,
    "y": 33.71559633027523,
  },
  {
    "width": 0.37999999999959755,
    "x": 1.3199999999995953,
    "y": 33.71559633027523,
  },
  {
    "width": 0.4499999999998465,
    "x": 2.9199999999998454,
    "y": 34.678899082568805,
  },
  {
    "width": 0.5,
    "x": 3.346666666666465,
    "y": 33.440366972477065,
  },
  {
    "width": 0.5,
    "x": 5.293333333332953,
    "y": 33.30275229357798,
  },
  {
    "width": 0.5,
    "x": 5.293333333332953,
    "y": 33.30275229357798,
  },
  {
    "width": 0.5,
    "x": 5.9066666666667516,
    "y": 33.30275229357798,
  },
  {
    "width": 0.5,
    "x": 7.879999999999654,
    "y": 33.85321100917431,
  },
  {
    "width": 0.5,
    "x": 8.359999999999673,
    "y": 33.85321100917431,
  },
  {
    "width": 0.5,
    "x": 8.89333333333309,
    "y": 33.85321100917431,
  },
  {
    "width": 0.5,
    "x": 9.319999999999709,
    "y": 33.85321100917431,
  },
  {
    "width": 0.5,
    "x": 9.906666666666524,
    "y": 33.85321100917431,
  },
  {
    "width": 0.5,
    "x": 10.333333333333144,
    "y": 33.85321100917431,
  },
  {
    "width": 0.14999999999980673,
    "x": 16.359999999999786,
    "y": 32.20183486238532,
  },
  {
    "width": 0.5,
    "x": 18.89333333333309,
    "y": 31.788990825688074,
  },
  {
    "width": 0.5,
    "x": 19.346666666666692,
    "y": 31.788990825688074,
  },
  {
    "width": 0.5,
    "x": 20.813333333333162,
    "y": 31.926605504587158,
  },
  {
    "width": 0.5,
    "x": 21.319999999999595,
    "y": 31.926605504587158,
  },
  {
    "width": 0.09666666666640822,
    "x": 21.90666666666641,
    "y": 31.926605504587158,
  },
  {
    "width": 0.5,
    "x": 22.786666666666633,
    "y": 31.51376146788991,
  },
  {
    "width": 0.5,
    "x": 23.293333333333067,
    "y": 31.51376146788991,
  },
  {
    "width": 0.5,
    "x": 24.3599999999999,
    "y": 31.926605504587158,
  },
  {
    "width": 0.5,
    "x": 25.293333333332953,
    "y": 31.926605504587158,
  },
  {
    "width": 0.5,
    "x": 25.879999999999768,
    "y": 31.926605504587158,
  },
  {
    "width": 0.5,
    "x": 26.893333333333203,
    "y": 31.926605504587158,
  },
  {
    "width": 0.5,
    "x": 27.346666666666238,
    "y": 31.926605504587158,
  },
  {
    "width": 0.299999999999784,
    "x": 36.359999999999786,
    "y": 31.651376146788987,
  },
  {
    "width": 0.5,
    "x": 43.29333333333307,
    "y": 32.33944954128441,
  },
  {
    "width": 0.5,
    "x": 49.906666666666524,
    "y": 33.02752293577982,
  },
  {
    "width": 0.5,
    "x": 50.333333333333144,
    "y": 33.02752293577982,
  },
  {
    "width": 0.5,
    "x": 50.893333333332976,
    "y": 33.02752293577982,
  },
  {
    "width": 0.5,
    "x": 51.34666666666658,
    "y": 33.02752293577982,
  },
  {
    "width": 0.5,
    "x": 51.879999999999995,
    "y": 33.02752293577982,
  },
  {
    "width": 0.020000000000038654,
    "x": 52.360000000000014,
    "y": 33.02752293577982,
  },
  {
    "width": 0.5,
    "x": 53.26666666666665,
    "y": 32.477064220183486,
  },
  {
    "width": 0.5,
    "x": 53.26666666666665,
    "y": 32.477064220183486,
  },
  {
    "width": 0.5,
    "x": 69.90666666666652,
    "y": 44.31192660550459,
  },
  {
    "width": 0.5,
    "x": 70.33333333333314,
    "y": 44.31192660550459,
  },
  {
    "width": 0.5,
    "x": 73.8533333333329,
    "y": 44.31192660550459,
  },
  {
    "width": 0.5,
    "x": 99.34666666666669,
    "y": 32.752293577981646,
  },
  {
    "width": 0.11999999999989086,
    "x": 99.88000000000011,
    "y": 32.752293577981646,
  },
]
`;

exports[`select coloring react info from right 1`] = `
[
  {
    "width": 0.4066666666665242,
    "x": 0,
    "y": 31.10091743119266,
  },
  {
    "width": 0.5,
    "x": 0.33333333333314386,
    "y": 31.10091743119266,
  },
  {
    "width": 0.5,
    "x": 0.9199999999999591,
    "y": 31.10091743119266,
  },
  {
    "width": 0.5,
    "x": 3.906666666666297,
    "y": 31.926605504587158,
  },
  {
    "width": 0.5,
    "x": 11.90666666666641,
    "y": 29.724770642201836,
  },
  {
    "width": 0.5,
    "x": 15.746666666666556,
    "y": 32.752293577981646,
  },
  {
    "width": 0.40333333333330756,
    "x": 16.33333333333337,
    "y": 32.752293577981646,
  },
  {
    "width": 0.5,
    "x": 18.359999999999673,
    "y": 21.055045871559635,
  },
  {
    "width": 0.5,
    "x": 18.89333333333309,
    "y": 21.055045871559635,
  },
  {
    "width": 0.5,
    "x": 40.91999999999996,
    "y": 30.963302752293576,
  },
  {
    "width": 0.5,
    "x": 41.34666666666658,
    "y": 30.963302752293576,
  },
  {
    "width": 0.5,
    "x": 42.360000000000014,
    "y": 30.963302752293576,
  },
  {
    "width": 0.5,
    "x": 53.29333333333307,
    "y": 47.064220183486235,
  },
  {
    "width": 0.5,
    "x": 53.29333333333307,
    "y": 47.064220183486235,
  },
  {
    "width": 0.5,
    "x": 67.74666666666644,
    "y": 31.238532110091747,
  },
  {
    "width": 0.5,
    "x": 70.89333333333298,
    "y": 36.88073394495413,
  },
  {
    "width": 0.5,
    "x": 71.74666666666678,
    "y": 36.88073394495413,
  },
  {
    "width": 0.5,
    "x": 71.74666666666678,
    "y": 36.88073394495413,
  },
  {
    "width": 0.5,
    "x": 89.88000000000011,
    "y": 33.85321100917431,
  },
  {
    "width": 0.5,
    "x": 90.35999999999956,
    "y": 33.85321100917431,
  },
  {
    "width": 0.5,
    "x": 90.89333333333298,
    "y": 33.85321100917431,
  },
  {
    "width": 0.5,
    "x": 93.29333333333307,
    "y": 36.05504587155963,
  },
  {
    "width": 0.5,
    "x": 93.87999999999988,
    "y": 36.05504587155963,
  },
  {
    "width": 0.5,
    "x": 96.33333333333337,
    "y": 36.05504587155963,
  },
  {
    "width": 0.5,
    "x": 98.89333333333309,
    "y": 39.22018348623853,
  },
  {
    "width": 0.09333333333347582,
    "x": 99.90666666666652,
    "y": 39.22018348623853,
  },
]
`;
